
Router(config-if)#
Router(config-if)#
Router(config-if)#
Router(config-if)#
Router(config-if)#exit
Router(config)#exit
Router#
%SYS-5-CONFIG_I: Configured from console by console

Router#
Router#
Router#
Router#
Router#ping 192.168.1.2

Type escape sequence to abort.
Sending 5, 100-byte ICMP Echos to 192.168.1.2, timeout is 2 seconds:
.....
Success rate is 0 percent (0/5)

Router#
Router#
Router#
Router#
Router#ping 192.168.1.2

Type escape sequence to abort.
Sending 5, 100-byte ICMP Echos to 192.168.1.2, timeout is 2 seconds:
.....
Success rate is 0 percent (0/5)

Router#ping 192.168.1.1

Type escape sequence to abort.
Sending 5, 100-byte ICMP Echos to 192.168.1.1, timeout is 2 seconds:
.....
Success rate is 0 percent (0/5)

Router#ping 192.168.2.1

Type escape sequence to abort.
Sending 5, 100-byte ICMP Echos to 192.168.2.1, timeout is 2 seconds:
!!!!!
Success rate is 100 percent (5/5), round-trip min/avg/max = 0/0/1 ms

Router#
Router#
Router#
Router#
Router#exit









Router con0 is now available






Press RETURN to get started.













Router>
Router>exit









Router con0 is now available






Press RETURN to get started.













Router>
Router>
Router>en
Router#
Router#
Router#conf
Configuring from terminal, memory, or network [terminal]? 
Enter configuration commands, one per line.  End with CNTL/Z.
Router(config)#
Router(config)#int ?
  Dot11Radio        Dot11 interface
  Ethernet          IEEE 802.3
  FastEthernet      FastEthernet IEEE 802.3
  GigabitEthernet   GigabitEthernet IEEE 802.3z
  Loopback          Loopback interface
  Port-channel      Ethernet Channel of interfaces
  Serial            Serial
  Tunnel            Tunnel interface
  Virtual-Template  Virtual Template interface
  Vlan              Catalyst Vlans
  range             interface range command
Router(config)#int gig0/0
Router(config-if)#
Router(config-if)#
Router(config-if)#^Z
Router#
%SYS-5-CONFIG_I: Configured from console by console
^Z
Router#^Z
Router#
Router#
Router#sh ip route
Codes: L - local, C - connected, S - static, R - RIP, M - mobile, B - BGP
       D - EIGRP, EX - EIGRP external, O - OSPF, IA - OSPF inter area
       N1 - OSPF NSSA external type 1, N2 - OSPF NSSA external type 2
       E1 - OSPF external type 1, E2 - OSPF external type 2, E - EGP
       i - IS-IS, L1 - IS-IS level-1, L2 - IS-IS level-2, ia - IS-IS inter area
       * - candidate default, U - per-user static route, o - ODR
       P - periodic downloaded static route

Gateway of last resort is not set

     192.168.2.0/24 is variably subnetted, 2 subnets, 2 masks
C       192.168.2.0/24 is directly connected, GigabitEthernet0/1
L       192.168.2.2/32 is directly connected, GigabitEthernet0/1

Router#
Router#
Router#
Router#
Router#ip route 192.168.1.0  255.255.255.0 gig0/1
          ^
% Invalid input detected at '^' marker.
	
Router#conf
Configuring from terminal, memory, or network [terminal]? 
Enter configuration commands, one per line.  End with CNTL/Z.
Router(config)#
Router(config)#
Router(config)#ip route 192.168.1.0 255.255.255.0 gig0/1
%Default route without gateway, if not a point-to-point interface, may impact performance
Router(config)#
Router(config)#
Router(config)#^Z
Router#
%SYS-5-CONFIG_I: Configured from console by console
^Z
Router#
Router#
Router#sh ip route
Codes: L - local, C - connected, S - static, R - RIP, M - mobile, B - BGP
       D - EIGRP, EX - EIGRP external, O - OSPF, IA - OSPF inter area
       N1 - OSPF NSSA external type 1, N2 - OSPF NSSA external type 2
       E1 - OSPF external type 1, E2 - OSPF external type 2, E - EGP
       i - IS-IS, L1 - IS-IS level-1, L2 - IS-IS level-2, ia - IS-IS inter area
       * - candidate default, U - per-user static route, o - ODR
       P - periodic downloaded static route

Gateway of last resort is not set

S    192.168.1.0/24 is directly connected, GigabitEthernet0/1
     192.168.2.0/24 is variably subnetted, 2 subnets, 2 masks
C       192.168.2.0/24 is directly connected, GigabitEthernet0/1
L       192.168.2.2/32 is directly connected, GigabitEthernet0/1

Router#
Router#Router#ping 192.168.1.2

Type escape sequence to abort.
Sending 5, 100-byte ICMP Echos to 192.168.1.2, timeout is 2 seconds:
.!!!!
Success rate is 80 percent (4/5), round-trip min/avg/max = 0/0/0 ms

Router#Router#ping 192.168.1.2

Type escape sequence to abort.
Sending 5, 100-byte ICMP Echos to 192.168.1.2, timeout is 2 seconds:
!!!!!
Success rate is 100 percent (5/5), round-trip min/avg/max = 0/0/2 ms

Router#
